Item: 1 (0x56105ad28f00, 128-byte aligned offset: 0)
Item: 2 (0x56105ad28f02, 128-byte aligned offset: 2)
Item: 3 (0x56105ad28f04, 128-byte aligned offset: 4)
Item: 4 (0x56105ad28f06, 128-byte aligned offset: 6)
Item: 5 (0x56105ad28f08, 128-byte aligned offset: 8)
Item: 1 (0x56105ad28ff0, unaligned start: 112)
Item: 2 (0x56105ad28ff2, unaligned start: 114)
Item: 3 (0x56105ad28ff4, unaligned start: 116)
Item: 4 (0x56105ad28ff6, unaligned start: 118)
Item: 5 (0x56105ad28ff8, unaligned start: 120)
Item: 1 (0x56105ad29100, 256-byte aligned offset: 0)
Item: 2 (0x56105ad29104, 256-byte aligned offset: 4)
Item: 3 (0x56105ad29108, 256-byte aligned offset: 8)
Item: 4 (0x56105ad2910c, 256-byte aligned offset: 12)
Item: 5 (0x56105ad29110, 256-byte aligned offset: 16)
