The-Age-App
===========
    Try -h or --help for more information.
