Penguin_Parade - Organize your penguin parade
=============================================
    Try -h or --help for more information.
