Grade-Average
=============
    Try -h or --help for more information.
