my_program
==========
    Try -h or --help for more information.
