awesome-app
===========
    Try -h or --help for more information.
