Test
====
    Try -h or --help for more information.
