//! [alignment_matrix_format::out]
 |e |A |A |C |C |G |G |T |T |
 /--/--/--/--/--/--/--/--/--/
e|  |L |L |L |L |L |L |L |L |
 /--/--/--/--/--/--/--/--/--/
A|U |D |DL|L |L |L |L |L |L |
 /--/--/--/--/--/--/--/--/--/
C|U |U |D |D |DL|L |L |L |L |
 /--/--/--/--/--/--/--/--/--/
G|U |U |DU|DU|D |D |DL|L |L |
 /--/--/--/--/--/--/--/--/--/
T|U |U |DU|DU|DU|DU|D |D |DL|
//! [alignment_matrix_format::out]
//! [alignment_matrix_format::ascii#score]
 | |A|A|C|C|G|G|T|T|
 /-/-/-/-/-/-/-/-/-/
 |0|1|2|3|4|5|6|7|8|
 /-/-/-/-/-/-/-/-/-/
A|1|0|1|2|3|4|5|6|7|
 /-/-/-/-/-/-/-/-/-/
C|2|1|1|1|2|3|4|5|6|
 /-/-/-/-/-/-/-/-/-/
G|3|2|2|2|2|2|3|4|5|
 /-/-/-/-/-/-/-/-/-/
T|4|3|3|3|3|3|3|3|4|
//! [alignment_matrix_format::ascii#score]
//! [alignment_matrix_format::ascii#trace]
 |  |A |A |C |C |G |G |T |T |
 /--/--/--/--/--/--/--/--/--/
 |  |L |L |L |L |L |L |L |L |
 /--/--/--/--/--/--/--/--/--/
A|U |D |DL|L |L |L |L |L |L |
 /--/--/--/--/--/--/--/--/--/
C|U |U |D |D |DL|L |L |L |L |
 /--/--/--/--/--/--/--/--/--/
G|U |U |DU|DU|D |D |DL|L |L |
 /--/--/--/--/--/--/--/--/--/
T|U |U |DU|DU|DU|DU|D |D |DL|
//! [alignment_matrix_format::ascii#trace]
//! [alignment_matrix_format::csv#score]
 ; ;A;A;C;C;G;G;T;T;
 ;0;1;2;3;4;5;6;7;8;
A;1;0;1;2;3;4;5;6;7;
C;2;1;1;1;2;3;4;5;6;
G;3;2;2;2;2;2;3;4;5;
T;4;3;3;3;3;3;3;3;4;
//! [alignment_matrix_format::csv#score]
//! [alignment_matrix_format::csv#trace]
 ;  ;A ;A ;C ;C ;G ;G ;T ;T ;
 ;N ;L ;L ;L ;L ;L ;L ;L ;L ;
A;U ;D ;DL;L ;L ;L ;L ;L ;L ;
C;U ;U ;D ;D ;DL;L ;L ;L ;L ;
G;U ;U ;DU;DU;D ;D ;DL;L ;L ;
T;U ;U ;DU;DU;DU;DU;D ;D ;DL;
//! [alignment_matrix_format::csv#trace]
//! [alignment_matrix_format::unicode_block#score]
 ║ε║A║A║C║C║G║G║T║T║
 ╬═╬═╬═╬═╬═╬═╬═╬═╬═╬
ε║0║1║2║3║4║5║6║7║8║
 ╬═╬═╬═╬═╬═╬═╬═╬═╬═╬
A║1║0║1║2║3║4║5║6║7║
 ╬═╬═╬═╬═╬═╬═╬═╬═╬═╬
C║2║1║1║1║2║3║4║5║6║
 ╬═╬═╬═╬═╬═╬═╬═╬═╬═╬
G║3║2║2║2║2║2║3║4║5║
 ╬═╬═╬═╬═╬═╬═╬═╬═╬═╬
T║4║3║3║3║3║3║3║3║4║
//! [alignment_matrix_format::unicode_block#score]
//! [alignment_matrix_format::unicode_block#trace]
 ║ε║A║A║C║C║G║G║T║T║
 ╬═╬═╬═╬═╬═╬═╬═╬═╬═╬
ε║█║▖║▖║▖║▖║▖║▖║▖║▖║
 ╬═╬═╬═╬═╬═╬═╬═╬═╬═╬
A║▝║▘║▌║▖║▖║▖║▖║▖║▖║
 ╬═╬═╬═╬═╬═╬═╬═╬═╬═╬
C║▝║▝║▘║▘║▌║▖║▖║▖║▖║
 ╬═╬═╬═╬═╬═╬═╬═╬═╬═╬
G║▝║▝║▀║▀║▘║▘║▌║▖║▖║
 ╬═╬═╬═╬═╬═╬═╬═╬═╬═╬
T║▝║▝║▀║▀║▀║▀║▘║▘║▌║
//! [alignment_matrix_format::unicode_block#trace]
//! [alignment_matrix_format::unicode_braille#score]
 ║ε║A║A║C║C║G║G║T║T║
 ╬═╬═╬═╬═╬═╬═╬═╬═╬═╬
ε║0║1║2║3║4║5║6║7║8║
 ╬═╬═╬═╬═╬═╬═╬═╬═╬═╬
A║1║0║1║2║3║4║5║6║7║
 ╬═╬═╬═╬═╬═╬═╬═╬═╬═╬
C║2║1║1║1║2║3║4║5║6║
 ╬═╬═╬═╬═╬═╬═╬═╬═╬═╬
G║3║2║2║2║2║2║3║4║5║
 ╬═╬═╬═╬═╬═╬═╬═╬═╬═╬
T║4║3║3║3║3║3║3║3║4║
//! [alignment_matrix_format::unicode_braille#score]
//! [alignment_matrix_format::unicode_braille#trace]
 ║ε║A║A║C║C║G║G║T║T║
 ╬═╬═╬═╬═╬═╬═╬═╬═╬═╬
ε║⠀║⠄║⠄║⠄║⠄║⠄║⠄║⠄║⠄║
 ╬═╬═╬═╬═╬═╬═╬═╬═╬═╬
A║⠈║⠁║⠅║⠄║⠄║⠄║⠄║⠄║⠄║
 ╬═╬═╬═╬═╬═╬═╬═╬═╬═╬
C║⠈║⠈║⠁║⠁║⠅║⠄║⠄║⠄║⠄║
 ╬═╬═╬═╬═╬═╬═╬═╬═╬═╬
G║⠈║⠈║⠉║⠉║⠁║⠁║⠅║⠄║⠄║
 ╬═╬═╬═╬═╬═╬═╬═╬═╬═╬
T║⠈║⠈║⠉║⠉║⠉║⠉║⠁║⠁║⠅║
//! [alignment_matrix_format::unicode_braille#trace]
//! [alignment_matrix_format::unicode_arrows#score]
 ║ε║A║A║C║C║G║G║T║T║
 ╬═╬═╬═╬═╬═╬═╬═╬═╬═╬
ε║0║1║2║3║4║5║6║7║8║
 ╬═╬═╬═╬═╬═╬═╬═╬═╬═╬
A║1║0║1║2║3║4║5║6║7║
 ╬═╬═╬═╬═╬═╬═╬═╬═╬═╬
C║2║1║1║1║2║3║4║5║6║
 ╬═╬═╬═╬═╬═╬═╬═╬═╬═╬
G║3║2║2║2║2║2║3║4║5║
 ╬═╬═╬═╬═╬═╬═╬═╬═╬═╬
T║4║3║3║3║3║3║3║3║4║
//! [alignment_matrix_format::unicode_arrows#score]
//! [alignment_matrix_format::unicode_arrows#trace]
 ║ε ║A ║A ║C ║C ║G ║G ║T ║T ║
 ╬══╬══╬══╬══╬══╬══╬══╬══╬══╬
ε║↺ ║← ║← ║← ║← ║← ║← ║← ║← ║
 ╬══╬══╬══╬══╬══╬══╬══╬══╬══╬
A║↑ ║↖ ║↖←║← ║← ║← ║← ║← ║← ║
 ╬══╬══╬══╬══╬══╬══╬══╬══╬══╬
C║↑ ║↑ ║↖ ║↖ ║↖←║← ║← ║← ║← ║
 ╬══╬══╬══╬══╬══╬══╬══╬══╬══╬
G║↑ ║↑ ║↖↑║↖↑║↖ ║↖ ║↖←║← ║← ║
 ╬══╬══╬══╬══╬══╬══╬══╬══╬══╬
T║↑ ║↑ ║↖↑║↖↑║↖↑║↖↑║↖ ║↖ ║↖←║
//! [alignment_matrix_format::unicode_arrows#trace]
